label:0
	Algeria
	Angola
	Benin
	Botswana
	Burkina
	Burundi
	Cameroon
	Comoros
	Congo
	Djibouti
	Equatorial_Guinea
	Eritrea
	Ethiopia
	Gabon
	Gambia
	Ghana
	Guinea
	Ivory_Coast
	Kenya
	Lesotho
	Liberia
	Madagascar
	Malawi
	Mali
	Mauritania
	Mozambique
	Namibia
	Niger
	Nigeria
	Rwanda
	Senegal
	Sierra_Leone
	Somalia
	Sudan
	Swaziland
	Tanzania
	Togo
	Tunisia
	Uganda
	Zambia
	Zimbabwe
total count: 41

label:1
	Afghanistan
	Argentina
	Australia
	Bahrain
	Bangladesh
	Belgium
	Bhutan
	Bolivia
	Brazil
	Brunei
	Cambodia
	Canada
	Chad
	Chile
	China
	Colombia
	Costa_Rica
	Cuba
	Denmark
	Ecuador
	Egypt
	El_Salvador
	France
	Germany
	Guatemala
	Honduras
	India
	Indonesia
	Iran
	Iraq
	Israel
	Italy
	Japan
	Jordan
	Kuwait
	Laos
	Lebanon
	Libya
	Malaysia
	Mexico
	Monaco
	Mongolia
	Morocco
	Nepal
	Netherlands
	Nicaragua
	Norway
	Oman
	Pakistan
	Panama
	Paraguay
	Peru
	Philippines
	Portugal
	Qatar
	Saudi_Arabia
	Singapore
	South_Africa
	Spain
	Sri_Lanka
	Switzerland
	Syria
	Taiwan
	Thailand
	United_Arab_Emirates
	United_Kingdom
	United_States
	Uruguay
	Venezuela
	Vietnam
	Yemen
total count: 71

label:2
	Bahamas
	Barbados
	Belize
	Cape_Verde
	Dominica
	Dominican_Republic
	Grenada
	Guyana
	Haiti
	Jamaica
	Mauritius
	St_Lucia
	Seychelles
	Suriname
total count: 14

label:3
	Albania
	Andorra
	Armenia
	Austria
	Azerbaijan
	Belarus
	Bosnia_Herzegovina
	Bulgaria
	Croatia
	Cyprus
	Czech_Republic
	Estonia
	Finland
	Georgia
	Greece
	Hungary
	Iceland
	Kazakhstan
	Kosovo
	Kyrgyzstan
	Latvia
	Liechtenstein
	Lithuania
	Luxembourg
	Macedonia
	Malta
	Moldova
	Montenegro
	Poland
	Romania
	San_Marino
	Serbia
	Slovakia
	Slovenia
	Sweden
	Tajikistan
	Turkey
	Turkmenistan
	Ukraine
	Uzbekistan
total count: 40

label:4
	East_Timor
	Fiji
	Kiribati
	Maldives
	Marshall_Islands
	Micronesia
	Nauru
	New_Zealand
	Palau
	Samoa
	Solomon_Islands
	Tonga
	Tuvalu
	Vanuatu
total count: 14

